---
source: tests/snapshot_write.rs
assertion_line: 191
expression: event
---
{
  "type": "edit",
  "path": "[redacted]",
  "edits": 1,
  "mode": "exact",
  "bytes_before": 21,
  "bytes_after": 21,
  "checksum_before": "[redacted]",
  "checksum_after": "[redacted]",
  "lines_before": 3,
  "lines_after": 3,
  "elapsed_ms": "[redacted]",
  "fuzzy": false,
  "strategy": "exact",
  "strategies_tried": 1
}
