---
source: tests/snapshot_write.rs
expression: event
---
{
  "bytes_written": 17,
  "checksum": "[redacted]",
  "elapsed_ms": "[redacted]",
  "path": "[redacted]",
  "platform": {
    "dir_fsync": "[platform_dir_fsync]",
    "fsync": "[platform_fsync]"
  },
  "status": "success",
  "stdin_bytes_read": 17,
  "type": "write",
  "wal_policy": "auto"
}
